kotlin version: 2.2.10
error message: java.lang.RuntimeException: Exception while generating code for:
FUN name:SunnyTheme visibility:public modality:FINAL returnType:kotlin.Unit
  VALUE_PARAMETER kind:Regular name:darkTheme index:0 type:kotlin.Boolean
    EXPRESSION_BODY
      ERROR_EXPR 'Default Stub' type=kotlin.Boolean
  VALUE_PARAMETER kind:Regular name:content index:1 type:@[Composable] kotlin.Function0<kotlin.Unit>
  annotations:
    Composable
  BLOCK_BODY
    VAR name:colorScheme type:androidx.compose.material3.ColorScheme [val]
      GET_FIELD 'FIELD PROPERTY_BACKING_FIELD name:LightColorScheme type:androidx.compose.material3.ColorScheme visibility:private [final,static]' type=androidx.compose.material3.ColorScheme origin=null
    VAR name:view type:android.view.View [val]
      CALL 'public final fun <get-current> (): T of androidx.compose.runtime.CompositionLocal [inline] declared in androidx.compose.runtime.CompositionLocal' type=android.view.View origin=GET_PROPERTY
        ARG <this>: TYPE_OP type=androidx.compose.runtime.CompositionLocal<T of androidx.compose.runtime.CompositionLocal> origin=IMPLICIT_CAST typeOperand=androidx.compose.runtime.CompositionLocal<T of androidx.compose.runtime.CompositionLocal>
          CALL 'public final fun <get-LocalView> (): androidx.compose.runtime.ProvidableCompositionLocal<android.view.View> declared in androidx.compose.ui.platform.AndroidCompositionLocals_androidKt' type=androidx.compose.runtime.ProvidableCompositionLocal<android.view.View> origin=GET_PROPERTY
    WHEN type=kotlin.Unit origin=IF
      BRANCH
        if: CALL 'public final fun not (): kotlin.Boolean [operator] declared in kotlin.Boolean' type=kotlin.Boolean origin=null
          ARG <this>: CALL 'public open fun isInEditMode (): kotlin.Boolean declared in android.view.View' type=kotlin.Boolean origin=GET_PROPERTY
            ARG <this>: GET_VAR 'val view: android.view.View [val] declared in com.example.sunny.ui.theme.ThemeKt.SunnyTheme' type=android.view.View origin=null
        then: BLOCK type=kotlin.Unit origin=null
          CALL 'public final fun SideEffect (effect: kotlin.Function0<kotlin.Unit>): kotlin.Unit declared in androidx.compose.runtime.EffectsKt' type=kotlin.Unit origin=null
            ARG effect: BLOCK type=kotlin.Function0<kotlin.Unit> origin=LAMBDA
              COMPOSITE type=kotlin.Unit origin=null
              CALL 'public final fun <jvm-indy> <T> (dynamicCall: T of kotlin.jvm.internal.<jvm-indy>, bootstrapMethodHandle: kotlin.Any, vararg bootstrapMethodArguments: kotlin.Any): T of kotlin.jvm.internal.<jvm-indy> declared in kotlin.jvm.internal' type=kotlin.Function0<kotlin.Unit> origin=null
                TYPE_ARG T: kotlin.Function0<kotlin.Unit>
                ARG dynamicCall: CALL 'public final fun invoke (p0: android.view.View, p1: androidx.compose.material3.ColorScheme): kotlin.Function0<kotlin.Unit> declared in kotlin.jvm.internal.invokeDynamic' type=kotlin.Function0<kotlin.Unit> origin=null
                  ARG p0: GET_VAR 'val view: android.view.View [val] declared in com.example.sunny.ui.theme.ThemeKt.SunnyTheme' type=android.view.View origin=null
                  ARG p1: GET_VAR 'val colorScheme: androidx.compose.material3.ColorScheme [val] declared in com.example.sunny.ui.theme.ThemeKt.SunnyTheme' type=androidx.compose.material3.ColorScheme origin=null
                ARG bootstrapMethodHandle: CALL 'public final fun <jvm-method-handle> (tag: kotlin.Int, owner: kotlin.String, name: kotlin.String, descriptor: kotlin.String, isInterface: kotlin.Boolean): kotlin.Any declared in kotlin.jvm.internal' type=kotlin.Any origin=null
                  ARG tag: CONST Int type=kotlin.Int value=6
                  ARG owner: CONST String type=kotlin.String value="java/lang/invoke/LambdaMetafactory"
                  ARG name: CONST String type=kotlin.String value="metafactory"
                  ARG descriptor: CONST String type=kotlin.String value="(Ljava/lang/invoke/MethodHandles$Lookup;Ljava/lang/String;Ljava/lang/invoke/MethodType;Ljava/lang/invoke/MethodType;Ljava/lang/invoke/MethodHandle;Ljava/lang/invoke/MethodType;)Ljava/lang/invoke/CallSite;"
                  ARG isInterface: CONST Boolean type=kotlin.Boolean value=false
                ARG bootstrapMethodArguments: VARARG type=kotlin.Array<kotlin.Any> varargElementType=kotlin.Any
                  CALL 'public final fun <jvm-original-method-type> (method: kotlin.Any): kotlin.Any declared in kotlin.jvm.internal' type=kotlin.Any origin=null
                    ARG method: RAW_FUNCTION_REFERENCE 'public abstract fun invoke (): R of kotlin.Function0 [operator] declared in kotlin.Function0' type=kotlin.Any
                  RAW_FUNCTION_REFERENCE 'private final fun SunnyTheme$lambda$0 ($view: android.view.View, $colorScheme: androidx.compose.material3.ColorScheme): kotlin.Unit? declared in com.example.sunny.ui.theme.ThemeKt' type=kotlin.Any
                  CALL 'public final fun <jvm-original-method-type> (method: kotlin.Any): kotlin.Any declared in kotlin.jvm.internal' type=kotlin.Any origin=null
                    ARG method: RAW_FUNCTION_REFERENCE 'public abstract fun invoke (): kotlin.Unit? [fake_override,operator] declared in kotlin.jvm.internal.invokeDynamic.<fake>' type=kotlin.Any
    CALL 'public final fun MaterialTheme$default (colorScheme: androidx.compose.material3.ColorScheme?, shapes: androidx.compose.material3.Shapes?, typography: androidx.compose.material3.Typography?, content: @[Composable] kotlin.Function0<kotlin.Unit>, $mask0: kotlin.Int, $handler: kotlin.Any?): kotlin.Unit declared in androidx.compose.material3.MaterialThemeKt' type=kotlin.Unit origin=DEFAULT_DISPATCH_CALL
      ARG colorScheme: GET_VAR 'val colorScheme: androidx.compose.material3.ColorScheme [val] declared in com.example.sunny.ui.theme.ThemeKt.SunnyTheme' type=androidx.compose.material3.ColorScheme origin=null
      ARG shapes: COMPOSITE type=androidx.compose.material3.Shapes? origin=DEFAULT_VALUE
        CONST Null type=androidx.compose.material3.Shapes? value=null
      ARG typography: CONSTRUCTOR_CALL 'public constructor <init> (displayLarge: androidx.compose.ui.text.TextStyle?, displayMedium: androidx.compose.ui.text.TextStyle?, displaySmall: androidx.compose.ui.text.TextStyle?, headlineLarge: androidx.compose.ui.text.TextStyle?, headlineMedium: androidx.compose.ui.text.TextStyle?, headlineSmall: androidx.compose.ui.text.TextStyle?, titleLarge: androidx.compose.ui.text.TextStyle?, titleMedium: androidx.compose.ui.text.TextStyle?, titleSmall: androidx.compose.ui.text.TextStyle?, bodyLarge: androidx.compose.ui.text.TextStyle?, bodyMedium: androidx.compose.ui.text.TextStyle?, bodySmall: androidx.compose.ui.text.TextStyle?, labelLarge: androidx.compose.ui.text.TextStyle?, labelMedium: androidx.compose.ui.text.TextStyle?, labelSmall: androidx.compose.ui.text.TextStyle?, $mask0: kotlin.Int, $marker: kotlin.jvm.internal.DefaultConstructorMarker?) declared in androidx.compose.material3.Typography' type=androidx.compose.material3.Typography origin=DEFAULT_DISPATCH_CALL
        ARG displayLarge: COMPOSITE type=androidx.compose.ui.text.TextStyle? origin=DEFAULT_VALUE
          CONST Null type=androidx.compose.ui.text.TextStyle? value=null
        ARG displayMedium: COMPOSITE type=androidx.compose.ui.text.TextStyle? origin=DEFAULT_VALUE
          CONST Null type=androidx.compose.ui.text.TextStyle? value=null
        ARG displaySmall: COMPOSITE type=androidx.compose.ui.text.TextStyle? origin=DEFAULT_VALUE
          CONST Null type=androidx.compose.ui.text.TextStyle? value=null
        ARG headlineLarge: COMPOSITE type=androidx.compose.ui.text.TextStyle? origin=DEFAULT_VALUE
          CONST Null type=androidx.compose.ui.text.TextStyle? value=null
        ARG headlineMedium: COMPOSITE type=androidx.compose.ui.text.TextStyle? origin=DEFAULT_VALUE
          CONST Null type=androidx.compose.ui.text.TextStyle? value=null
        ARG headlineSmall: COMPOSITE type=androidx.compose.ui.text.TextStyle? origin=DEFAULT_VALUE
          CONST Null type=androidx.compose.ui.text.TextStyle? value=null
        ARG titleLarge: COMPOSITE type=androidx.compose.ui.text.TextStyle? origin=DEFAULT_VALUE
          CONST Null type=androidx.compose.ui.text.TextStyle? value=null
        ARG titleMedium: COMPOSITE type=androidx.compose.ui.text.TextStyle? origin=DEFAULT_VALUE
          CONST Null type=androidx.compose.ui.text.TextStyle? value=null
        ARG titleSmall: COMPOSITE type=androidx.compose.ui.text.TextStyle? origin=DEFAULT_VALUE
          CONST Null type=androidx.compose.ui.text.TextStyle? value=null
        ARG bodyLarge: COMPOSITE type=androidx.compose.ui.text.TextStyle? origin=DEFAULT_VALUE
          CONST Null type=androidx.compose.ui.text.TextStyle? value=null
        ARG bodyMedium: COMPOSITE type=androidx.compose.ui.text.TextStyle? origin=DEFAULT_VALUE
          CONST Null type=androidx.compose.ui.text.TextStyle? value=null
        ARG bodySmall: COMPOSITE type=androidx.compose.ui.text.TextStyle? origin=DEFAULT_VALUE
          CONST Null type=androidx.compose.ui.text.TextStyle? value=null
        ARG labelLarge: COMPOSITE type=androidx.compose.ui.text.TextStyle? origin=DEFAULT_VALUE
          CONST Null type=androidx.compose.ui.text.TextStyle? value=null
        ARG labelMedium: COMPOSITE type=androidx.compose.ui.text.TextStyle? origin=DEFAULT_VALUE
          CONST Null type=androidx.compose.ui.text.TextStyle? value=null
        ARG labelSmall: COMPOSITE type=androidx.compose.ui.text.TextStyle? origin=DEFAULT_VALUE
          CONST Null type=androidx.compose.ui.text.TextStyle? value=null
        ARG $mask0: CONST Int type=kotlin.Int value=32767
        ARG $marker: CONST Null type=kotlin.jvm.internal.DefaultConstructorMarker? value=null
      ARG content: GET_VAR 'content: @[Composable] kotlin.Function0<kotlin.Unit> declared in com.example.sunny.ui.theme.ThemeKt.SunnyTheme' type=@[Composable] kotlin.Function0<kotlin.Unit> origin=null
      ARG $mask0: CONST Int type=kotlin.Int value=2
      ARG $handler: CONST Null type=kotlin.Any? value=null

	at org.jetbrains.kotlin.backend.jvm.codegen.FunctionCodegen.generate(FunctionCodegen.kt:50)
	at org.jetbrains.kotlin.backend.jvm.codegen.FunctionCodegen.generate$default(FunctionCodegen.kt:43)
	at org.jetbrains.kotlin.backend.jvm.codegen.ClassCodegen.generateMethodNode(ClassCodegen.kt:422)
	at org.jetbrains.kotlin.backend.jvm.codegen.ClassCodegen.generateMethod(ClassCodegen.kt:439)
	at org.jetbrains.kotlin.backend.jvm.codegen.ClassCodegen.generate(ClassCodegen.kt:164)
	at org.jetbrains.kotlin.backend.jvm.JvmIrCodegenFactory.generateFile(JvmIrCodegenFactory.kt:419)
	at org.jetbrains.kotlin.backend.jvm.JvmIrCodegenFactory.invokeCodegen(JvmIrCodegenFactory.kt:388)
	at org.jetbrains.kotlin.cli.jvm.compiler.KotlinToJVMBytecodeCompiler.runCodegen$cli(KotlinToJVMBytecodeCompiler.kt:431)
	at org.jetbrains.kotlin.cli.pipeline.jvm.JvmBackendPipelinePhase.executePhase(JvmBackendPipelinePhase.kt:95)
	at org.jetbrains.kotlin.cli.pipeline.jvm.JvmBackendPipelinePhase.executePhase(JvmBackendPipelinePhase.kt:36)
	at org.jetbrains.kotlin.cli.pipeline.jvm.JvmBackendPipelinePhase.executePhase(JvmBackendPipelinePhase.kt:29)
	at org.jetbrains.kotlin.cli.pipeline.PipelinePhase.phaseBody(PipelinePhase.kt:68)
	at org.jetbrains.kotlin.cli.pipeline.PipelinePhase.phaseBody(PipelinePhase.kt:58)
	at org.jetbrains.kotlin.config.phaser.NamedCompilerPhase.invoke(CompilerPhase.kt:102)
	at org.jetbrains.kotlin.backend.common.phaser.CompositePhase.invoke(PhaseBuilders.kt:22)
	at org.jetbrains.kotlin.config.phaser.CompilerPhaseKt.invokeToplevel(CompilerPhase.kt:53)
	at org.jetbrains.kotlin.cli.pipeline.AbstractCliPipeline.runPhasedPipeline(AbstractCliPipeline.kt:109)
	at org.jetbrains.kotlin.cli.pipeline.AbstractCliPipeline.execute(AbstractCliPipeline.kt:68)
	at org.jetbrains.kotlin.cli.jvm.K2JVMCompiler.doExecutePhased(K2JVMCompiler.kt:78)
	at org.jetbrains.kotlin.cli.jvm.K2JVMCompiler.doExecutePhased(K2JVMCompiler.kt:44)
	at org.jetbrains.kotlin.cli.common.CLICompiler.execImpl(CLICompiler.kt:90)
	at org.jetbrains.kotlin.cli.common.CLICompiler.exec(CLICompiler.kt:352)
	at org.jetbrains.kotlin.incremental.IncrementalJvmCompilerRunnerBase.runCompiler(IncrementalJvmCompilerRunnerBase.kt:175)
	at org.jetbrains.kotlin.incremental.IncrementalJvmCompilerRunnerBase.runCompiler(IncrementalJvmCompilerRunnerBase.kt:38)
	at org.jetbrains.kotlin.incremental.IncrementalCompilerRunner.doCompile(IncrementalCompilerRunner.kt:504)
	at org.jetbrains.kotlin.incremental.IncrementalCompilerRunner.compileImpl(IncrementalCompilerRunner.kt:421)
	at org.jetbrains.kotlin.incremental.IncrementalCompilerRunner.compileNonIncrementally(IncrementalCompilerRunner.kt:306)
	at org.jetbrains.kotlin.incremental.IncrementalCompilerRunner.compile(IncrementalCompilerRunner.kt:133)
	at org.jetbrains.kotlin.daemon.CompileServiceImplBase.execIncrementalCompiler(CompileServiceImpl.kt:679)
	at org.jetbrains.kotlin.daemon.CompileServiceImplBase.access$execIncrementalCompiler(CompileServiceImpl.kt:93)
	at org.jetbrains.kotlin.daemon.CompileServiceImpl.compile(CompileServiceImpl.kt:1806)
	at java.base/jdk.internal.reflect.DirectMethodHandleAccessor.invoke(Unknown Source)
	at java.base/java.lang.reflect.Method.invoke(Unknown Source)
	at java.rmi/sun.rmi.server.UnicastServerRef.dispatch(Unknown Source)
	at java.rmi/sun.rmi.transport.Transport$1.run(Unknown Source)
	at java.rmi/sun.rmi.transport.Transport$1.run(Unknown Source)
	at java.base/java.security.AccessController.doPrivileged(Unknown Source)
	at java.rmi/sun.rmi.transport.Transport.serviceCall(Unknown Source)
	at java.rmi/sun.rmi.transport.tcp.TCPTransport.handleMessages(Unknown Source)
	at java.rmi/sun.rmi.transport.tcp.TCPTransport$ConnectionHandler.run0(Unknown Source)
	at java.rmi/sun.rmi.transport.tcp.TCPTransport$ConnectionHandler.lambda$run$0(Unknown Source)
	at java.base/java.security.AccessController.doPrivileged(Unknown Source)
	at java.rmi/sun.rmi.transport.tcp.TCPTransport$ConnectionHandler.run(Unknown Source)
	at java.base/java.util.concurrent.ThreadPoolExecutor.runWorker(Unknown Source)
	at java.base/java.util.concurrent.ThreadPoolExecutor$Worker.run(Unknown Source)
	at java.base/java.lang.Thread.run(Unknown Source)
Caused by: org.jetbrains.kotlin.codegen.CompilationException: Back-end (JVM) Internal error: Couldn't inline method call: CALL 'public final fun <get-current> (): T of androidx.compose.runtime.CompositionLocal [inline] declared in androidx.compose.runtime.CompositionLocal' type=android.view.View origin=GET_PROPERTY
Method: null
File is unknown
The root cause java.lang.IllegalStateException was thrown at: org.jetbrains.kotlin.codegen.inline.SourceCompilerForInlineKt.getMethodNode(SourceCompilerForInline.kt:129)
	at org.jetbrains.kotlin.backend.jvm.codegen.IrInlineCodegen.genInlineCall(IrInlineCodegen.kt:82)
	at org.jetbrains.kotlin.backend.jvm.codegen.IrInlineCallGenerator.genCall(IrInlineCallGenerator.kt:36)
	at org.jetbrains.kotlin.backend.jvm.codegen.ExpressionCodegen.visitCall(ExpressionCodegen.kt:586)
	at org.jetbrains.kotlin.backend.jvm.codegen.ExpressionCodegen.visitCall(ExpressionCodegen.kt:135)
	at org.jetbrains.kotlin.ir.expressions.IrCall.accept(IrCall.kt:24)
	at org.jetbrains.kotlin.backend.jvm.codegen.ExpressionCodegen.visitVariable(ExpressionCodegen.kt:725)
	at org.jetbrains.kotlin.backend.jvm.codegen.ExpressionCodegen.visitVariable(ExpressionCodegen.kt:135)
	at org.jetbrains.kotlin.ir.declarations.IrVariable.accept(IrVariable.kt:36)
	at org.jetbrains.kotlin.backend.jvm.codegen.ExpressionCodegen.visitStatementContainer(ExpressionCodegen.kt:527)
	at org.jetbrains.kotlin.backend.jvm.codegen.ExpressionCodegen.visitBlockBody(ExpressionCodegen.kt:532)
	at org.jetbrains.kotlin.backend.jvm.codegen.ExpressionCodegen.visitBlockBody(ExpressionCodegen.kt:135)
	at org.jetbrains.kotlin.ir.expressions.IrBlockBody.accept(IrBlockBody.kt:20)
	at org.jetbrains.kotlin.backend.jvm.codegen.ExpressionCodegen.generate(ExpressionCodegen.kt:233)
	at org.jetbrains.kotlin.backend.jvm.codegen.FunctionCodegen.doGenerate(FunctionCodegen.kt:126)
	at org.jetbrains.kotlin.backend.jvm.codegen.FunctionCodegen.generate(FunctionCodegen.kt:47)
	... 45 more
Caused by: java.lang.IllegalStateException: couldn't find inline method Landroidx/compose/runtime/CompositionLocal;.getCurrent()Ljava/lang/Object;
	at org.jetbrains.kotlin.codegen.inline.SourceCompilerForInlineKt.getMethodNode(SourceCompilerForInline.kt:129)
	at org.jetbrains.kotlin.codegen.inline.SourceCompilerForInlineKt.loadCompiledInlineFunction$lambda$2(SourceCompilerForInline.kt:98)
	at org.jetbrains.kotlin.codegen.inline.InlineCache.computeMethodBytes(InlineCache.kt:90)
	at org.jetbrains.kotlin.codegen.inline.SourceCompilerForInlineKt.loadCompiledInlineFunction(SourceCompilerForInline.kt:93)
	at org.jetbrains.kotlin.backend.jvm.codegen.IrSourceCompilerForInline.compileInlineFunction(IrSourceCompilerForInline.kt:96)
	at org.jetbrains.kotlin.backend.jvm.codegen.IrInlineCodegen.genInlineCall(IrInlineCodegen.kt:65)
	... 59 more


